// Jest Snapshot v1, https://goo.gl/fbAQLP

exports[`<Board> should warn you of any html change 1`] = `"<div data-testid=\\"Board\\"><div class=\\"board-row\\"><button class=\\"square \\"></button><button class=\\"square \\"></button><button class=\\"square square--highlighted\\">X</button></div><div class=\\"board-row\\"><button class=\\"square \\"></button><button class=\\"square \\">O</button><button class=\\"square square--highlighted\\">X</button></div><div class=\\"board-row\\"><button class=\\"square \\"></button><button class=\\"square \\">O</button><button class=\\"square square--highlighted\\">X</button></div></div>"`;
